..............                                                           [100%]
============================== warnings summary ===============================
C:\Users\jbdig\AppData\Local\Programs\Python\Python311\Lib\site-packages\starlette\formparsers.py:12
  C:\Users\jbdig\AppData\Local\Programs\Python\Python311\Lib\site-packages\starlette\formparsers.py:12: PendingDeprecationWarning: Please use `import python_multipart` instead.
    import multipart

src\latex_compile_service\config.py:9
  D:\Documents\Development\LaTeX_API\src\latex_compile_service\config.py:9: PydanticDeprecatedSince20: Using extra keyword arguments on `Field` is deprecated and will be removed. Use `json_schema_extra` instead. (Extra keys: 'env'). Deprecated in Pydantic V2.0 to be removed in V3.0. See Pydantic V2 Migration Guide at https://errors.pydantic.dev/2.13/migration/
    app_name: str = Field("latex-compile-service", env="APP_NAME")

src\latex_compile_service\config.py:10
  D:\Documents\Development\LaTeX_API\src\latex_compile_service\config.py:10: PydanticDeprecatedSince20: Using extra keyword arguments on `Field` is deprecated and will be removed. Use `json_schema_extra` instead. (Extra keys: 'env'). Deprecated in Pydantic V2.0 to be removed in V3.0. See Pydantic V2 Migration Guide at https://errors.pydantic.dev/2.13/migration/
    debug: bool = Field(False, env="DEBUG")

src\latex_compile_service\config.py:11
  D:\Documents\Development\LaTeX_API\src\latex_compile_service\config.py:11: PydanticDeprecatedSince20: Using extra keyword arguments on `Field` is deprecated and will be removed. Use `json_schema_extra` instead. (Extra keys: 'env'). Deprecated in Pydantic V2.0 to be removed in V3.0. See Pydantic V2 Migration Guide at https://errors.pydantic.dev/2.13/migration/
    host: str = Field("0.0.0.0", env="HOST")

src\latex_compile_service\config.py:12
  D:\Documents\Development\LaTeX_API\src\latex_compile_service\config.py:12: PydanticDeprecatedSince20: Using extra keyword arguments on `Field` is deprecated and will be removed. Use `json_schema_extra` instead. (Extra keys: 'env'). Deprecated in Pydantic V2.0 to be removed in V3.0. See Pydantic V2 Migration Guide at https://errors.pydantic.dev/2.13/migration/
    port: int = Field(8000, env="PORT")

src\latex_compile_service\config.py:13
  D:\Documents\Development\LaTeX_API\src\latex_compile_service\config.py:13: PydanticDeprecatedSince20: Using extra keyword arguments on `Field` is deprecated and will be removed. Use `json_schema_extra` instead. (Extra keys: 'env'). Deprecated in Pydantic V2.0 to be removed in V3.0. See Pydantic V2 Migration Guide at https://errors.pydantic.dev/2.13/migration/
    api_key: str = Field(..., env="API_KEY")

src\latex_compile_service\config.py:15
  D:\Documents\Development\LaTeX_API\src\latex_compile_service\config.py:15: PydanticDeprecatedSince20: Using extra keyword arguments on `Field` is deprecated and will be removed. Use `json_schema_extra` instead. (Extra keys: 'env'). Deprecated in Pydantic V2.0 to be removed in V3.0. See Pydantic V2 Migration Guide at https://errors.pydantic.dev/2.13/migration/
    redis_url: str = Field("redis://redis:6379/0", env="REDIS_URL")

src\latex_compile_service\config.py:16
  D:\Documents\Development\LaTeX_API\src\latex_compile_service\config.py:16: PydanticDeprecatedSince20: Using extra keyword arguments on `Field` is deprecated and will be removed. Use `json_schema_extra` instead. (Extra keys: 'env'). Deprecated in Pydantic V2.0 to be removed in V3.0. See Pydantic V2 Migration Guide at https://errors.pydantic.dev/2.13/migration/
    celery_broker_url: str = Field("redis://redis:6379/0", env="CELERY_BROKER_URL")

src\latex_compile_service\config.py:17
  D:\Documents\Development\LaTeX_API\src\latex_compile_service\config.py:17: PydanticDeprecatedSince20: Using extra keyword arguments on `Field` is deprecated and will be removed. Use `json_schema_extra` instead. (Extra keys: 'env'). Deprecated in Pydantic V2.0 to be removed in V3.0. See Pydantic V2 Migration Guide at https://errors.pydantic.dev/2.13/migration/
    celery_result_backend: str = Field("redis://redis:6379/1", env="CELERY_RESULT_BACKEND")

src\latex_compile_service\config.py:19
  D:\Documents\Development\LaTeX_API\src\latex_compile_service\config.py:19: PydanticDeprecatedSince20: Using extra keyword arguments on `Field` is deprecated and will be removed. Use `json_schema_extra` instead. (Extra keys: 'env'). Deprecated in Pydantic V2.0 to be removed in V3.0. See Pydantic V2 Migration Guide at https://errors.pydantic.dev/2.13/migration/
    max_upload_size_mb: int = Field(20, env="MAX_UPLOAD_SIZE_MB")

src\latex_compile_service\config.py:20
  D:\Documents\Development\LaTeX_API\src\latex_compile_service\config.py:20: PydanticDeprecatedSince20: Using extra keyword arguments on `Field` is deprecated and will be removed. Use `json_schema_extra` instead. (Extra keys: 'env'). Deprecated in Pydantic V2.0 to be removed in V3.0. See Pydantic V2 Migration Guide at https://errors.pydantic.dev/2.13/migration/
    compile_timeout: int = Field(120, env="COMPILE_TIMEOUT")

src\latex_compile_service\config.py:21
  D:\Documents\Development\LaTeX_API\src\latex_compile_service\config.py:21: PydanticDeprecatedSince20: Using extra keyword arguments on `Field` is deprecated and will be removed. Use `json_schema_extra` instead. (Extra keys: 'env'). Deprecated in Pydantic V2.0 to be removed in V3.0. See Pydantic V2 Migration Guide at https://errors.pydantic.dev/2.13/migration/
    rate_limit: str = Field("20/minute", env="RATE_LIMIT")

src\latex_compile_service\config.py:22
  D:\Documents\Development\LaTeX_API\src\latex_compile_service\config.py:22: PydanticDeprecatedSince20: Using extra keyword arguments on `Field` is deprecated and will be removed. Use `json_schema_extra` instead. (Extra keys: 'env'). Deprecated in Pydantic V2.0 to be removed in V3.0. See Pydantic V2 Migration Guide at https://errors.pydantic.dev/2.13/migration/
    default_engine: str = Field("pdflatex", env="DEFAULT_ENGINE")

src\latex_compile_service\config.py:23
  D:\Documents\Development\LaTeX_API\src\latex_compile_service\config.py:23: PydanticDeprecatedSince20: Using extra keyword arguments on `Field` is deprecated and will be removed. Use `json_schema_extra` instead. (Extra keys: 'env'). Deprecated in Pydantic V2.0 to be removed in V3.0. See Pydantic V2 Migration Guide at https://errors.pydantic.dev/2.13/migration/
    allow_shell_escape: bool = Field(False, env="ALLOW_SHELL_ESCAPE")

src\latex_compile_service\config.py:24
  D:\Documents\Development\LaTeX_API\src\latex_compile_service\config.py:24: PydanticDeprecatedSince20: Using extra keyword arguments on `Field` is deprecated and will be removed. Use `json_schema_extra` instead. (Extra keys: 'env'). Deprecated in Pydantic V2.0 to be removed in V3.0. See Pydantic V2 Migration Guide at https://errors.pydantic.dev/2.13/migration/
    enable_prometheus: bool = Field(True, env="ENABLE_PROMETHEUS")

src\latex_compile_service\config.py:25
  D:\Documents\Development\LaTeX_API\src\latex_compile_service\config.py:25: PydanticDeprecatedSince20: Using extra keyword arguments on `Field` is deprecated and will be removed. Use `json_schema_extra` instead. (Extra keys: 'env'). Deprecated in Pydantic V2.0 to be removed in V3.0. See Pydantic V2 Migration Guide at https://errors.pydantic.dev/2.13/migration/
    allowed_engines: list[str] = Field(["pdflatex", "xelatex", "lualatex"], env="ALLOWED_ENGINES")

src\latex_compile_service\config.py:26
  D:\Documents\Development\LaTeX_API\src\latex_compile_service\config.py:26: PydanticDeprecatedSince20: Using extra keyword arguments on `Field` is deprecated and will be removed. Use `json_schema_extra` instead. (Extra keys: 'env'). Deprecated in Pydantic V2.0 to be removed in V3.0. See Pydantic V2 Migration Guide at https://errors.pydantic.dev/2.13/migration/
    allowed_extensions: list[str] = Field([".tex", ".zip"], env="ALLOWED_EXTENSIONS")

src\latex_compile_service\config.py:28
  D:\Documents\Development\LaTeX_API\src\latex_compile_service\config.py:28: PydanticDeprecatedSince20: Using extra keyword arguments on `Field` is deprecated and will be removed. Use `json_schema_extra` instead. (Extra keys: 'env'). Deprecated in Pydantic V2.0 to be removed in V3.0. See Pydantic V2 Migration Guide at https://errors.pydantic.dev/2.13/migration/
    data_dir: Path = Field(Path("/app/data"), env="DATA_DIR")

src\latex_compile_service\config.py:29
  D:\Documents\Development\LaTeX_API\src\latex_compile_service\config.py:29: PydanticDeprecatedSince20: Using extra keyword arguments on `Field` is deprecated and will be removed. Use `json_schema_extra` instead. (Extra keys: 'env'). Deprecated in Pydantic V2.0 to be removed in V3.0. See Pydantic V2 Migration Guide at https://errors.pydantic.dev/2.13/migration/
    latexmk_binary: str = Field("latexmk", env="LATEXMK_BINARY")

-- Docs: https://docs.pytest.org/en/stable/how-to/capture-warnings.html
14 passed, 19 warnings in 0.15s
